../Core/Src/main.c:82:13:RTC_Store_DateWeekDayIntoBkpReg	1
../Core/Src/main.c:94:13:RTC_LoadDateFromBkpReg	2
../Core/Src/main.c:114:6:LCD_CreateCustomChar	2
../Core/Src/main.c:132:6:parse_and_set_time	2
../Core/Src/main.c:160:6:HAL_UART_RxCpltCallback	4
../Core/Src/main.c:181:6:set_timeFromCompile	13
../Core/Src/main.c:228:6:set_time	3
../Core/Src/main.c:253:6:set_alarm	2
../Core/Src/main.c:268:13:WeekDayToStr	8
../Core/Src/main.c:283:6:get_Time	1
../Core/Src/main.c:308:6:display_time	1
../Core/Src/main.c:318:6:display_date	1
../Core/Src/main.c:324:6:display_humidity	2
../Core/Src/main.c:337:16:DaysInMonth	8
../Core/Src/main.c:368:6:RTC_CheckDateIncrement	6
../Core/Src/main.c:392:6:delay_us	2
../Core/Src/main.c:398:6:Set_Pin_Output	1
../Core/Src/main.c:407:6:Set_Pin_Input	1
../Core/Src/main.c:416:9:DHT11_Start	5
../Core/Src/main.c:445:9:DHT11_Read	5
../Core/Src/main.c:473:5:main	6
../Core/Src/main.c:581:6:SystemClock_Config	4
../Core/Src/main.c:632:6:Error_Handler	1
