../Core/Src/main.c:87:13:RTC_Store_DateWeekDayIntoBkpReg	24	static
../Core/Src/main.c:99:13:RTC_LoadDateFromBkpReg	24	static
../Core/Src/main.c:119:6:LCD_CreateCustomChar	24	static
../Core/Src/main.c:137:6:parse_and_set_time	64	static
../Core/Src/main.c:166:6:HAL_UART_RxCpltCallback	16	static
../Core/Src/main.c:187:6:set_timeFromCompile	48	static
../Core/Src/main.c:234:6:set_time	16	static
../Core/Src/main.c:259:6:set_alarm	16	static
../Core/Src/main.c:274:13:WeekDayToStr	16	static
../Core/Src/main.c:289:6:get_Time	40	static
../Core/Src/main.c:314:6:display_time	8	static
../Core/Src/main.c:324:6:display_date	8	static
../Core/Src/main.c:330:6:display_humidity	16	static
../Core/Src/main.c:343:6:RTC_CheckDateIncrement	16	static
../Core/Src/main.c:365:6:RTC_CheckDateIncrement_Days	16	static
../Core/Src/main.c:379:6:delay_us	16	static
../Core/Src/main.c:385:6:Set_Pin_Output	32	static
../Core/Src/main.c:394:6:Set_Pin_Input	32	static
../Core/Src/main.c:403:9:DHT11_Start	16	static
../Core/Src/main.c:432:9:DHT11_Read	16	static
../Core/Src/main.c:454:6:RTC_RestoreDateAfterReset	16	static
../Core/Src/main.c:479:5:main	8	static
../Core/Src/main.c:597:6:SystemClock_Config	88	static
../Core/Src/main.c:648:6:Error_Handler	4	static,ignoring_inline_asm
