../Core/Src/main.c:82:13:RTC_Store_DateWeekDayIntoBkpReg	24	static
../Core/Src/main.c:94:13:RTC_LoadDateFromBkpReg	24	static
../Core/Src/main.c:114:6:LCD_CreateCustomChar	24	static
../Core/Src/main.c:132:6:parse_and_set_time	64	static
../Core/Src/main.c:160:6:HAL_UART_RxCpltCallback	16	static
../Core/Src/main.c:181:6:set_timeFromCompile	48	static
../Core/Src/main.c:228:6:set_time	16	static
../Core/Src/main.c:253:6:set_alarm	16	static
../Core/Src/main.c:268:13:WeekDayToStr	16	static
../Core/Src/main.c:283:6:get_Time	40	static
../Core/Src/main.c:308:6:display_time	8	static
../Core/Src/main.c:318:6:display_date	8	static
../Core/Src/main.c:324:6:display_humidity	16	static
../Core/Src/main.c:337:16:DaysInMonth	24	static
../Core/Src/main.c:368:6:RTC_CheckDateIncrement	16	static
../Core/Src/main.c:392:6:delay_us	16	static
../Core/Src/main.c:398:6:Set_Pin_Output	32	static
../Core/Src/main.c:407:6:Set_Pin_Input	32	static
../Core/Src/main.c:416:9:DHT11_Start	16	static
../Core/Src/main.c:445:9:DHT11_Read	16	static
../Core/Src/main.c:473:5:main	16	static
../Core/Src/main.c:581:6:SystemClock_Config	88	static
../Core/Src/main.c:632:6:Error_Handler	4	static,ignoring_inline_asm
