../Core/Src/main.c:71:6:parse_and_set_time	64	static
../Core/Src/main.c:97:6:HAL_UART_RxCpltCallback	16	static
../Core/Src/main.c:118:6:set_timeFromCompile	48	static
../Core/Src/main.c:165:6:set_time	16	static
../Core/Src/main.c:190:6:set_alarm	16	static
../Core/Src/main.c:205:6:get_Time	24	static
../Core/Src/main.c:227:6:display_time	8	static
../Core/Src/main.c:240:5:main	8	static
../Core/Src/main.c:307:6:SystemClock_Config	88	static
../Core/Src/main.c:358:6:Error_Handler	4	static,ignoring_inline_asm
