../Core/Src/main.c:84:13:RTC_Store_DateWeekDayIntoBkpReg	24	static
../Core/Src/main.c:96:13:RTC_LoadDateFromBkpReg	24	static
../Core/Src/main.c:116:6:LCD_CreateCustomChar	24	static
../Core/Src/main.c:134:6:parse_and_set_time	64	static
../Core/Src/main.c:163:6:HAL_UART_RxCpltCallback	16	static
../Core/Src/main.c:184:6:set_timeFromCompile	48	static
../Core/Src/main.c:231:6:set_time	16	static
../Core/Src/main.c:256:6:set_alarm	16	static
../Core/Src/main.c:271:13:WeekDayToStr	16	static
../Core/Src/main.c:286:6:get_Time	40	static
../Core/Src/main.c:311:6:display_time	8	static
../Core/Src/main.c:321:6:display_date	8	static
../Core/Src/main.c:327:6:display_humidity	16	static
../Core/Src/main.c:405:6:RTC_CheckDateIncrement	16	static
../Core/Src/main.c:435:6:delay_us	16	static
../Core/Src/main.c:441:6:Set_Pin_Output	32	static
../Core/Src/main.c:450:6:Set_Pin_Input	32	static
../Core/Src/main.c:459:9:DHT11_Start	16	static
../Core/Src/main.c:488:9:DHT11_Read	16	static
../Core/Src/main.c:510:6:RTC_RestoreDateAfterReset	16	static
../Core/Src/main.c:601:5:main	8	static
../Core/Src/main.c:725:6:SystemClock_Config	88	static
../Core/Src/main.c:776:6:Error_Handler	4	static,ignoring_inline_asm
