../Core/Src/main.c:73:13:RTC_Store_DateWeekDayIntoBkpReg	24	static
../Core/Src/main.c:85:13:RTC_LoadDateFromBkpReg	24	static
../Core/Src/main.c:112:6:parse_and_set_time	64	static
../Core/Src/main.c:140:6:HAL_UART_RxCpltCallback	16	static
../Core/Src/main.c:161:6:set_timeFromCompile	48	static
../Core/Src/main.c:208:6:set_time	16	static
../Core/Src/main.c:233:6:set_alarm	16	static
../Core/Src/main.c:248:13:WeekDayToStr	16	static
../Core/Src/main.c:263:6:get_Time	40	static
../Core/Src/main.c:286:6:display_time	8	static
../Core/Src/main.c:294:16:DaysInMonth	24	static
../Core/Src/main.c:357:6:RTC_CheckDateIncrement	16	static
../Core/Src/main.c:387:5:main	16	static
../Core/Src/main.c:467:6:SystemClock_Config	88	static
../Core/Src/main.c:518:6:Error_Handler	4	static,ignoring_inline_asm
